18:26:08 **** Incremental Build of configuration Debug for project Test_PC13 ****
make -j8 all 
arm-none-eabi-gcc "../Core/Src/main.c" -mcpu=cortex-m3 -std=gnu11 -g3 -DDEBUG -DUSE_HAL_DRIVER -DSTM32F103xB -c -I../Core/Inc -I../Drivers/STM32F1xx_HAL_Driver/Inc/Legacy -I../Drivers/STM32F1xx_HAL_Driver/Inc -I../Drivers/CMSIS/Device/ST/STM32F1xx/Include -I../Drivers/CMSIS/Include -O0 -ffunction-sections -fdata-sections -Wall -fstack-usage -MMD -MP -MF"Core/Src/main.d" -MT"Core/Src/main.o" --specs=nano.specs -mfloat-abi=soft -mthumb -o "Core/Src/main.o"
arm-none-eabi-gcc -o "Test_PC13.elf" @"objects.list"   -mcpu=cortex-m3 -T"C:\Users\ASUS\Desktop\Do_an_tot_nghiep\workspace\Test_PC13\STM32F103C8TX_FLASH.ld" --specs=nosys.specs -Wl,-Map="Test_PC13.map" -Wl,--gc-sections -static --specs=nano.specs -mfloat-abi=soft -mthumb -Wl,--start-group -lc -lm -Wl,--end-group
Finished building target: Test_PC13.elf
 
arm-none-eabi-size   Test_PC13.elf 
arm-none-eabi-objdump -h -S  Test_PC13.elf  > "Test_PC13.list"
arm-none-eabi-objcopy  -O ihex  Test_PC13.elf  "Test_PC13.hex"
   text	   data	    bss	    dec	    hex	filename
   8600	     20	   1644	  10264	   2818	Test_PC13.elf
Finished building: default.size.stdout
 
Finished building: Test_PC13.hex
 
Finished building: Test_PC13.list
 

18:26:08 Build Finished. 0 errors, 0 warnings. (took 538ms)

