17:04:09 **** Build of configuration Debug for project Test_timer ****
make -j8 all 
arm-none-eabi-gcc "../Core/Src/main.c" -mcpu=cortex-m3 -std=gnu11 -g3 -DDEBUG -DUSE_HAL_DRIVER -DSTM32F103xB -c -I../Core/Inc -I../Drivers/STM32F1xx_HAL_Driver/Inc/Legacy -I../Drivers/STM32F1xx_HAL_Driver/Inc -I../Drivers/CMSIS/Device/ST/STM32F1xx/Include -I../Drivers/CMSIS/Include -I"C:/Users/ASUS/Desktop/Do_an_tot_nghiep/workspace" -O0 -ffunction-sections -fdata-sections -Wall -fstack-usage -MMD -MP -MF"Core/Src/main.d" -MT"Core/Src/main.o" --specs=nano.specs -mfloat-abi=soft -mthumb -o "Core/Src/main.o"
arm-none-eabi-gcc -o "Test_timer.elf" @"objects.list"   -mcpu=cortex-m3 -T"C:\Users\ASUS\Desktop\Do_an_tot_nghiep\workspace\Test_timer\STM32F103C8TX_FLASH.ld" --specs=nosys.specs -Wl,-Map="Test_timer.map" -Wl,--gc-sections -static --specs=nano.specs -mfloat-abi=soft -mthumb -Wl,--start-group -lc -lm -Wl,--end-group
Finished building target: Test_timer.elf
 
arm-none-eabi-size   Test_timer.elf 
arm-none-eabi-objdump -h -S  Test_timer.elf  > "Test_timer.list"
arm-none-eabi-objcopy  -O ihex  Test_timer.elf  "Test_timer.hex"
arm-none-eabi-objcopy  -O binary  Test_timer.elf  "Test_timer.bin"
   text	   data	    bss	    dec	    hex	filename
   7948	     20	   1644	   9612	   258c	Test_timer.elf
Finished building: default.size.stdout
 
Finished building: Test_timer.hex
Finished building: Test_timer.bin
 
 
Finished building: Test_timer.list
 

17:04:10 Build Finished. 0 errors, 0 warnings. (took 850ms)

